---------------------------------------------------------
Update translation memories started. (9/24/2026 21:20:50)
---------------------------------------------------------

Working folder: <TESTDIR>


----------------------------------------------
Backup Translation Memory (9/24/2026 21:20:50)
----------------------------------------------

Backup location: <TESTDIR>\large_unique.sdltm.001.bak

Process completed (9/24/2026 21:20:50)


-----------------------------------------------
Upgrade Translation Memory (9/24/2026 21:20:50)
-----------------------------------------------

Translation memory: <TESTDIR>\large_unique.sdltm

Process failed (9/24/2026 21:20:50)
Sdl.LanguagePlatform.Core.LanguagePlatformException: File-based TM only supports 1 translation model
   at Sdl.LanguagePlatform.TranslationMemoryApi.AbstractLocalTranslationMemory.Save(IProgress`1 progress, CancellationToken cancellationToken)
   at Sdl.TranslationStudio.Common.TranslationMemory.TranslationMemoryAutomation.Jobs.UpgradeTranslationMemoryJobRequest.Execute(IJobExecutionContext context)

----------------------------------------------------------
Update translation memories finished. (9/24/2026 21:20:50)
----------------------------------------------------------



