---------------------------------------------------------
Update translation memories started. (9/24/2026 21:58:08)
---------------------------------------------------------

Working folder: <TESTDIR>


----------------------------------------------
Backup Translation Memory (9/24/2026 21:58:08)
----------------------------------------------

Backup location: <TESTDIR>\large_v2b.sdltm.000.bak

Process completed (9/24/2026 21:58:08)


-----------------------------------------------
Upgrade Translation Memory (9/24/2026 21:58:08)
-----------------------------------------------

Translation memory: <TESTDIR>\large_v2b.sdltm

Process failed (9/24/2026 21:58:08)
Sdl.LanguagePlatform.Core.LanguagePlatformException: The TM does not support FGA
   at Sdl.LanguagePlatform.TranslationMemoryApi.AbstractLocalTranslationMemory.Save(IProgress`1 progress, CancellationToken cancellationToken)
   at Sdl.TranslationStudio.Common.TranslationMemory.TranslationMemoryAutomation.Jobs.UpgradeTranslationMemoryJobRequest.Execute(IJobExecutionContext context)

----------------------------------------------------------
Update translation memories finished. (9/24/2026 21:58:08)
----------------------------------------------------------




